// Jest Snapshot v1, https://goo.gl/fbAQLP

exports[`Dummy test 1`] = `
<div>
  <h1>
    Hello 
    Pramoch
  </h1>
</div>
`;

exports[`greeting renders and match snapshot 1`] = `
<div>
  <h1>
    Hello 
    Pramoch
  </h1>
</div>
`;
